// Jest Snapshot v1, https://goo.gl/fbAQLP

exports[`ProjectLink Displays the link to a project 1`] = `
<div
  class="switch-to-projects-project"
>
  <a
    class="switch-to-projects-project-link"
    data-test="project-link"
    href="/pojects/gpig"
  >
    <i
      class="fa fa-fw switch-to-projects-project-icon fa-unlock"
    />
     
    <span
      class="switch-to-projects-project-label"
    >
      Guinea Pig
    </span>
  </a>
   
  <!---->
</div>
`;
