// Jest Snapshot v1, https://goo.gl/fbAQLP

exports[`CreateModal Display the modal when mounted 1`] = `
<div
  aria-labelledby="test-plan-create-campaign-modal-title"
  class="tlp-modal"
  role="dialog"
>
  <div
    class="tlp-modal-header"
  >
    <h1
      class="tlp-modal-title"
      id="test-plan-create-campaign-modal-title"
    >
      <i
        aria-hidden="true"
        class="fa fa-plus tlp-modal-title-icon"
      />
       
      <translate-stub
        tag="span"
      >
        Create new campaign
      </translate-stub>
    </h1>
     
    <div
      aria-label="Close"
      class="tlp-modal-close"
      data-dismiss="modal"
      role="button"
      tabindex="0"
    >
      
            Ã—
        
    </div>
  </div>
   
  <div
    class="tlp-modal-body"
  >
    <div
      class="tlp-form-element"
    >
      <label
        class="tlp-label"
        for="new-campaign-label"
      >
        <translate-stub
          tag="span"
        >
          Campaign label
        </translate-stub>
         
        <i
          aria-hidden="true"
          class="fa fa-asterisk"
        />
      </label>
       
      <input
        class="tlp-input"
        id="new-campaign-label"
        type="text"
      />
    </div>
     
    <div
      class="tlp-form-element"
    >
      <label
        class="tlp-label"
        for="new-campaign-tests-selector"
      >
        <translate-stub
          tag="span"
        >
          Choose tests
        </translate-stub>
         
        <i
          aria-hidden="true"
          class="fa fa-asterisk"
        />
      </label>
       
      <select
        class="tlp-select"
        id="new-campaign-tests-selector"
      >
        <option
          data-current-language="en_US"
          data-msgid="No tests"
          value="none"
        >
          No tests
        </option>
         
        <option
          data-current-language="en_US"
          data-msgid="All tests"
          value="all"
        >
          All tests
        </option>
         
        <option
          data-current-language="en_US"
          data-msgid="
                    All tests in %{ milestone_title }
                "
          selected="selected"
          value="milestone"
        >
          
                    All tests in Milestone Title
                
        </option>
      </select>
    </div>
  </div>
   
  <div
    class="tlp-modal-footer"
  >
    <button
      class="tlp-button-primary tlp-button-outline tlp-modal-action"
      data-current-language="en_US"
      data-dismiss="modal"
      data-msgid="
            Close
        "
      type="button"
    >
      
            Close
        
    </button>
     
    <button
      class="tlp-button-primary tlp-modal-action"
      type="button"
    >
      <i
        aria-hidden="true"
        class="fa fa-save tlp-button-icon"
      />
       
      <translate-stub
        tag="span"
      >
        Create campaign
      </translate-stub>
    </button>
  </div>
</div>
`;
