// Jest Snapshot v1, https://goo.gl/fbAQLP

exports[`TaskBoardBody displays swimlanes with empty columns 1`] = `
<tbody>
  <tr
    class="taskboard-swimlane"
  >
    <td
      class="taskboard-cell"
    >
      <parent-card-stub
        card="[object Object]"
      />
    </td>
     
    <td
      class="taskboard-cell"
    />
    <td
      class="taskboard-cell"
    />
  </tr>
  <tr
    class="taskboard-swimlane"
  >
    <td
      class="taskboard-cell"
    >
      <parent-card-stub
        card="[object Object]"
      />
    </td>
     
    <td
      class="taskboard-cell"
    />
    <td
      class="taskboard-cell"
    />
  </tr>
   
  <!---->
</tbody>
`;
